---
source: src/parser.rs
expression: "p_module(r\"\nmodule D where\n\ntype D = X.Z (A (B.C D)) E\n            \")"
---
19 of 19
===
Module
 Header
  MName
   (1, 7)->(1, 8)
  NULL
  (1, 0)->(1, 6)
  (1, 9)->(1, 14)
  Decl::Type
   ProperName
    (3, 5)->(3, 6)
   Typ::App
    Typ::App
     Typ::Constructor
      QProperName
       Qual
        (3, 9)->(3, 10)
       ProperName
        (3, 11)->(3, 12)
     Typ::Paren
      (3, 13)->(3, 14)
      Typ::App
       Typ::Constructor
        QProperName
         NULL
         ProperName
          (3, 14)->(3, 15)
       Typ::Paren
        (3, 16)->(3, 17)
        Typ::App
         Typ::Constructor
          QProperName
           Qual
            (3, 17)->(3, 18)
           ProperName
            (3, 19)->(3, 20)
         Typ::Constructor
          QProperName
           NULL
           ProperName
            (3, 21)->(3, 22)
        (3, 22)->(3, 23)
      (3, 23)->(3, 24)
    Typ::Constructor
     QProperName
      NULL
      ProperName
       (3, 25)->(3, 26)
===
