---
source: src/parser.rs
expression: "p_typ_var_binding(\"( @a :: Kind )\")"
---
16 of 16
===
Module
 Header
  MName
   (0, 7)->(0, 13)
  NULL
  (0, 0)->(0, 6)
  (0, 14)->(0, 19)
  Decl::Sig
   Name
    (2, 0)->(2, 1)
   Typ::Forall
     TypVarBinding
      Name
       (2, 15)->(2, 16)
      Typ::Constructor
       QProperName
        NULL
        ProperName
         (2, 20)->(2, 24)
    Typ::Constructor
     QProperName
      NULL
      ProperName
       (2, 28)->(2, 32)
===
