---
source: src/parser.rs
expression: "p_typ(\"( a :: A )\")"
---
12 of 12
===
Module
 Header
  MName
   (0, 7)->(0, 10)
  NULL
  (0, 0)->(0, 6)
  (0, 11)->(0, 16)
  Decl::Sig
   Name
    (2, 0)->(2, 1)
   Typ::Row
    (2, 0)->(2, 6)
     Row
       (
        Label
         (2, 7)->(2, 8)
        Typ::Constructor
         QProperName
          NULL
          ProperName
           (2, 12)->(2, 13)
       )
      NULL
===
